<?xml version="1.0" encoding="utf-8"?>
<TestRun id="b18258d4-3ff0-49ac-a1d5-3d4b3f06a14e" name="zzz81@ZZZ的电脑 2026-08-09 17:09:39" runUser="ZZZ的电脑\zzz81" xmlns="http://microsoft.com/schemas/VisualStudio/TeamTest/2010">
  <Times creation="2026-08-09T17:09:39.9135083+08:00" queuing="2026-08-09T17:09:39.9135084+08:00" start="2026-08-09T17:09:38.0463672+08:00" finish="2026-08-09T17:09:39.9178616+08:00" />
  <TestSettings name="default" id="7273f4c2-e888-4645-b490-d2721d1b22f8">
    <Deployment runDeploymentRoot="zzz81_ZZZ的电脑_2026-08-09_17_09_39" />
  </TestSettings>
  <Results>
    <UnitTestResult executionId="10cdc116-e669-4581-9a1d-53ebefdabced" testId="cbb81542-790a-411f-0878-25483b4cb821" testName="CurrencyWarsAssistant.Tests.FinalBattleEvidencePersistenceTests.EvidencePngFailurePreventsFinalAnalysisAndNodeJson" computerName="ZZZ的电脑" duration="00:00:01.3324886" startTime="2026-08-09T17:09:39.8534603+08:00" endTime="2026-08-09T17:09:39.8534713+08:00" testType="13cdc9d9-ddb5-4fa4-a97d-d965ccfc6d4b" outcome="Passed" testListId="8c84fa94-04c1-424b-9868-57a2d4851a1d" relativeResultsDirectory="10cdc116-e669-4581-9a1d-53ebefdabced" />
  </Results>
  <TestDefinitions>
    <UnitTest name="CurrencyWarsAssistant.Tests.FinalBattleEvidencePersistenceTests.EvidencePngFailurePreventsFinalAnalysisAndNodeJson" storage="d:\codex-2\work\currencywarsassistant-0.2.839-confirmed-20260809\tests\currencywarsassistant.tests\bin\release\net8.0-windows10.0.19041.0\currencywarsassistant.tests.dll" id="cbb81542-790a-411f-0878-25483b4cb821">
      <Execution id="10cdc116-e669-4581-9a1d-53ebefdabced" />
      <TestMethod codeBase="D:\Codex-2\work\CurrencyWarsAssistant-0.2.839-confirmed-20260809\tests\CurrencyWarsAssistant.Tests\bin\Release\net8.0-windows10.0.19041.0\CurrencyWarsAssistant.Tests.dll" adapterTypeName="executor://xunit/VsTestRunner2/netcoreapp" className="CurrencyWarsAssistant.Tests.FinalBattleEvidencePersistenceTests" name="EvidencePngFailurePreventsFinalAnalysisAndNodeJson" />
    </UnitTest>
  </TestDefinitions>
  <TestEntries>
    <TestEntry testId="cbb81542-790a-411f-0878-25483b4cb821" executionId="10cdc116-e669-4581-9a1d-53ebefdabced" testListId="8c84fa94-04c1-424b-9868-57a2d4851a1d" />
  </TestEntries>
  <TestLists>
    <TestList name="列表中未列出的结果" id="8c84fa94-04c1-424b-9868-57a2d4851a1d" />
    <TestList name="所有已加载的结果" id="19431567-8539-422a-85d7-44ee4e166bda" />
  </TestLists>
  <ResultSummary outcome="Completed">
    <Counters total="1" executed="1" passed="1" failed="0" error="0" timeout="0" aborted="0" inconclusive="0" passedButRunAborted="0" notRunnable="0" notExecuted="0" disconnected="0" warning="0" completed="0" inProgress="0" pending="0" />
    <Output>
      <StdOut>[xUnit.net 00:00:00.00] xUnit.net VSTest Adapter v2.8.2+699d445a1a (64-bit .NET 8.0.29)&#xD;
[xUnit.net 00:00:00.06]   Discovering: CurrencyWarsAssistant.Tests&#xD;
[xUnit.net 00:00:00.15]   Discovered:  CurrencyWarsAssistant.Tests&#xD;
[xUnit.net 00:00:00.15]   Starting:    CurrencyWarsAssistant.Tests&#xD;
[xUnit.net 00:00:01.51]   Finished:    CurrencyWarsAssistant.Tests&#xD;
</StdOut>
    </Output>
  </ResultSummary>
</TestRun>