<?xml version="1.0" encoding="utf-8"?>
<TestRun id="a3e78e19-2a97-4ec6-a2be-6ec2b86e56e1" name="zzz81@ZZZ的电脑 2026-08-09 18:38:44" runUser="ZZZ的电脑\zzz81" xmlns="http://microsoft.com/schemas/VisualStudio/TeamTest/2010">
  <Times creation="2026-08-09T18:38:44.5947810+08:00" queuing="2026-08-09T18:38:44.5947817+08:00" start="2026-08-09T18:38:35.2734116+08:00" finish="2026-08-09T18:38:50.1965544+08:00" />
  <TestSettings name="default" id="0ba490d3-6c77-4d85-baa4-17067a9a02fd">
    <Deployment runDeploymentRoot="zzz81_ZZZ的电脑_2026-08-09_18_38_44" />
  </TestSettings>
  <Results>
    <UnitTestResult executionId="7876c382-57ab-4e2b-b2ec-84d4f5deb256" testId="598fd6a4-7bff-2f2b-4c54-c7071790b436" testName="CurrencyWarsAssistant.Tests.EndToEndRealFrameRecognitionTests.RecognizesFormationEquipmentAndSynergiesFromRealFrame" computerName="ZZZ的电脑" duration="00:00:08.2754387" startTime="2026-08-09T18:38:44.0470317+08:00" endTime="2026-08-09T18:38:44.0470321+08:00" testType="13cdc9d9-ddb5-4fa4-a97d-d965ccfc6d4b" outcome="Passed" testListId="8c84fa94-04c1-424b-9868-57a2d4851a1d" relativeResultsDirectory="7876c382-57ab-4e2b-b2ec-84d4f5deb256">
      <Output>
        <StdOut>BondCatalog 加载数: 33&#xD;
阵容：11/12 槽位识别成功&#xD;
  Front#0 currency_wars_character_05 conf=0.507 装备[currency_wars_equipment_066,currency_wars_equipment_083,currency_wars_equipment_066] 槽[0:Equipped:currency_wars_equipment_066/currency_wars_equipment_105 | 1:Equipped:currency_wars_equipment_083/currency_wars_equipment_122 | 2:Equipped:currency_wars_equipment_066/currency_wars_equipment_105] 特殊装备[] 特殊候选[病毒防火墙/病毒防火墙Max] 猎星人=True 应援=True&#xD;
  Front#1 currency_wars_character_55 conf=0.773 装备[currency_wars_equipment_075] 槽[0:Empty: | 1:Equipped:currency_wars_equipment_075/currency_wars_equipment_114 | 2:Empty:] 特殊装备[] 特殊候选[] 猎星人=False 应援=False&#xD;
  Front#2 currency_wars_character_07 conf=0.778 装备[currency_wars_equipment_098] 槽[0:Empty: | 1:Equipped:currency_wars_equipment_059/currency_wars_equipment_098 | 2:Empty:] 特殊装备[] 特殊候选[] 猎星人=False 应援=False&#xD;
  Front#3 currency_wars_character_09 conf=0.750 装备[] 槽[0:Empty: | 1:Unknown:currency_wars_equipment_128/currency_wars_equipment_021/currency_wars_equipment_135/currency_wars_equipment_080/currency_wars_equipment_119/currency_wars_equipment_137/currency_wars_equipment_139/currency_wars_equipment_049 | 2:Empty:] 特殊装备[] 特殊候选[] 猎星人=False 应援=False&#xD;
  Back#5 currency_wars_character_02 conf=0.687 装备[] 槽[0:Empty: | 1:Empty: | 2:Empty:] 特殊装备[] 特殊候选[] 猎星人=False 应援=False&#xD;
  Back#6 currency_wars_character_10 conf=0.663 装备[currency_wars_equipment_055,currency_wars_equipment_053] 槽[0:Equipped:currency_wars_equipment_055/currency_wars_equipment_094 | 1:Unknown:currency_wars_equipment_140/currency_wars_equipment_072/currency_wars_equipment_111/currency_wars_equipment_127/currency_wars_equipment_065/currency_wars_equipment_104/currency_wars_equipment_123/currency_wars_equipment_139 | 2:Equipped:currency_wars_equipment_053/currency_wars_equipment_092] 特殊装备[] 特殊候选[] 猎星人=False 应援=False&#xD;
  Back#7 currency_wars_character_trailblazer conf=0.813 装备[currency_wars_equipment_053] 槽[0:Empty: | 1:Equipped:currency_wars_equipment_053/currency_wars_equipment_092 | 2:Empty:] 特殊装备[] 特殊候选[] 猎星人=False 应援=False&#xD;
  Back#8 currency_wars_character_23 conf=0.665 装备[] 槽[0:Empty: | 1:Unknown:currency_wars_equipment_132/currency_wars_equipment_001/currency_wars_equipment_074/currency_wars_equipment_113 | 2:Empty:] 特殊装备[] 特殊候选[] 猎星人=False 应援=False&#xD;
  Bench#0 currency_wars_character_19 conf=0.717 装备[] 槽[] 特殊装备[] 特殊候选[] 猎星人=False 应援=False&#xD;
  Bench#1 currency_wars_character_09 conf=0.748 装备[] 槽[] 特殊装备[] 特殊候选[] 猎星人=False 应援=False&#xD;
  Bench#2 currency_wars_character_trailblazer conf=0.949 装备[] 槽[] 特殊装备[] 特殊候选[] 猎星人=False 应援=False&#xD;
  Special#0 special_unit_peipei conf=0.994 装备[] 槽[] 特殊装备[] 特殊候选[] 猎星人=False 应援=False&#xD;
羁绊：bond_头号玩家 人口=1 下一级=-&#xD;
羁绊：bond_欢愉 人口=5 下一级=7&#xD;
羁绊：bond_星间旅人 人口=2 下一级=3&#xD;
羁绊：bond_量子同频 人口=2 下一级=3&#xD;
羁绊：bond_星核猎手 人口=2 下一级=3&#xD;
羁绊：bond_仙舟 人口=2 下一级=3&#xD;
装备：5/12 槽位有装备识别</StdOut>
      </Output>
    </UnitTestResult>
    <UnitTestResult executionId="9a3735f0-1b58-4ced-8321-2bb443775235" testId="98bf2e80-1101-7296-fa5a-f0e6e2a4bb4e" testName="CurrencyWarsAssistant.Tests.UserReferenceGroundTruthTests.HorizontalAndVerticalPeipeiCoexistWithoutCharacterIdDedupe" computerName="ZZZ的电脑" duration="00:00:08.2581315" startTime="2026-08-09T18:38:44.0299303+08:00" endTime="2026-08-09T18:38:44.0299555+08:00" testType="13cdc9d9-ddb5-4fa4-a97d-d965ccfc6d4b" outcome="Passed" testListId="8c84fa94-04c1-424b-9868-57a2d4851a1d" relativeResultsDirectory="9a3735f0-1b58-4ced-8321-2bb443775235" />
    <UnitTestResult executionId="8907b57e-3db6-4e1a-ab56-d926f9d0b00c" testId="a96cf6a6-5963-a4ad-c7cb-6b504f0b823f" testName="CurrencyWarsAssistant.Tests.UserReferenceGroundTruthTests.BackContainsPeipei" computerName="ZZZ的电脑" duration="00:00:06.1067251" startTime="2026-08-09T18:38:50.1358449+08:00" endTime="2026-08-09T18:38:50.1358456+08:00" testType="13cdc9d9-ddb5-4fa4-a97d-d965ccfc6d4b" outcome="Passed" testListId="8c84fa94-04c1-424b-9868-57a2d4851a1d" relativeResultsDirectory="8907b57e-3db6-4e1a-ab56-d926f9d0b00c">
      <Output>
        <StdOut>Back: special_unit_peipei, currency_wars_character_02, currency_wars_character_trailblazer, currency_wars_character_10</StdOut>
      </Output>
    </UnitTestResult>
  </Results>
  <TestDefinitions>
    <UnitTest name="CurrencyWarsAssistant.Tests.UserReferenceGroundTruthTests.HorizontalAndVerticalPeipeiCoexistWithoutCharacterIdDedupe" storage="d:\codex-2\work\currencywarsassistant-0.2.839-confirmed-20260809\tests\currencywarsassistant.tests\bin\debug\net8.0-windows10.0.19041.0\currencywarsassistant.tests.dll" id="98bf2e80-1101-7296-fa5a-f0e6e2a4bb4e">
      <Execution id="9a3735f0-1b58-4ced-8321-2bb443775235" />
      <TestMethod codeBase="D:\Codex-2\work\CurrencyWarsAssistant-0.2.839-confirmed-20260809\tests\CurrencyWarsAssistant.Tests\bin\Debug\net8.0-windows10.0.19041.0\CurrencyWarsAssistant.Tests.dll" adapterTypeName="executor://xunit/VsTestRunner2/netcoreapp" className="CurrencyWarsAssistant.Tests.UserReferenceGroundTruthTests" name="HorizontalAndVerticalPeipeiCoexistWithoutCharacterIdDedupe" />
    </UnitTest>
    <UnitTest name="CurrencyWarsAssistant.Tests.UserReferenceGroundTruthTests.BackContainsPeipei" storage="d:\codex-2\work\currencywarsassistant-0.2.839-confirmed-20260809\tests\currencywarsassistant.tests\bin\debug\net8.0-windows10.0.19041.0\currencywarsassistant.tests.dll" id="a96cf6a6-5963-a4ad-c7cb-6b504f0b823f">
      <Execution id="8907b57e-3db6-4e1a-ab56-d926f9d0b00c" />
      <TestMethod codeBase="D:\Codex-2\work\CurrencyWarsAssistant-0.2.839-confirmed-20260809\tests\CurrencyWarsAssistant.Tests\bin\Debug\net8.0-windows10.0.19041.0\CurrencyWarsAssistant.Tests.dll" adapterTypeName="executor://xunit/VsTestRunner2/netcoreapp" className="CurrencyWarsAssistant.Tests.UserReferenceGroundTruthTests" name="BackContainsPeipei" />
    </UnitTest>
    <UnitTest name="CurrencyWarsAssistant.Tests.EndToEndRealFrameRecognitionTests.RecognizesFormationEquipmentAndSynergiesFromRealFrame" storage="d:\codex-2\work\currencywarsassistant-0.2.839-confirmed-20260809\tests\currencywarsassistant.tests\bin\debug\net8.0-windows10.0.19041.0\currencywarsassistant.tests.dll" id="598fd6a4-7bff-2f2b-4c54-c7071790b436">
      <Execution id="7876c382-57ab-4e2b-b2ec-84d4f5deb256" />
      <TestMethod codeBase="D:\Codex-2\work\CurrencyWarsAssistant-0.2.839-confirmed-20260809\tests\CurrencyWarsAssistant.Tests\bin\Debug\net8.0-windows10.0.19041.0\CurrencyWarsAssistant.Tests.dll" adapterTypeName="executor://xunit/VsTestRunner2/netcoreapp" className="CurrencyWarsAssistant.Tests.EndToEndRealFrameRecognitionTests" name="RecognizesFormationEquipmentAndSynergiesFromRealFrame" />
    </UnitTest>
  </TestDefinitions>
  <TestEntries>
    <TestEntry testId="598fd6a4-7bff-2f2b-4c54-c7071790b436" executionId="7876c382-57ab-4e2b-b2ec-84d4f5deb256" testListId="8c84fa94-04c1-424b-9868-57a2d4851a1d" />
    <TestEntry testId="98bf2e80-1101-7296-fa5a-f0e6e2a4bb4e" executionId="9a3735f0-1b58-4ced-8321-2bb443775235" testListId="8c84fa94-04c1-424b-9868-57a2d4851a1d" />
    <TestEntry testId="a96cf6a6-5963-a4ad-c7cb-6b504f0b823f" executionId="8907b57e-3db6-4e1a-ab56-d926f9d0b00c" testListId="8c84fa94-04c1-424b-9868-57a2d4851a1d" />
  </TestEntries>
  <TestLists>
    <TestList name="列表中未列出的结果" id="8c84fa94-04c1-424b-9868-57a2d4851a1d" />
    <TestList name="所有已加载的结果" id="19431567-8539-422a-85d7-44ee4e166bda" />
  </TestLists>
  <ResultSummary outcome="Completed">
    <Counters total="3" executed="3" passed="3" failed="0" error="0" timeout="0" aborted="0" inconclusive="0" passedButRunAborted="0" notRunnable="0" notExecuted="0" disconnected="0" warning="0" completed="0" inProgress="0" pending="0" />
    <Output>
      <StdOut>[xUnit.net 00:00:00.00] xUnit.net VSTest Adapter v2.8.2+699d445a1a (64-bit .NET 8.0.29)&#xD;
[xUnit.net 00:00:00.06]   Discovering: CurrencyWarsAssistant.Tests&#xD;
[xUnit.net 00:00:00.14]   Discovered:  CurrencyWarsAssistant.Tests&#xD;
[xUnit.net 00:00:00.14]   Starting:    CurrencyWarsAssistant.Tests&#xD;
[DetectBackSlotCount] centers=754,935,1040,1166&#xD;
[DetectBackSlotCount] centers=674,816,960,1382&#xD;
[DetectBackSlotCount] centers=674,816,960,1382&#xD;
[xUnit.net 00:00:14.54]   Finished:    CurrencyWarsAssistant.Tests&#xD;
</StdOut>
    </Output>
  </ResultSummary>
</TestRun>