<?xml version="1.0" encoding="utf-8"?>
<TestRun id="f1f82689-9cfe-49c5-ada0-4e9e90ec0335" name="zzz81@ZZZ的电脑 2026-08-09 23:04:04" runUser="ZZZ的电脑\zzz81" xmlns="http://microsoft.com/schemas/VisualStudio/TeamTest/2010">
  <Times creation="2026-08-09T23:04:04.9386563+08:00" queuing="2026-08-09T23:04:04.9386564+08:00" start="2026-08-09T23:03:57.7875580+08:00" finish="2026-08-09T23:04:04.9458269+08:00" />
  <TestSettings name="default" id="ca22315f-ac0a-4e42-a2f6-d271d547e773">
    <Deployment runDeploymentRoot="zzz81_ZZZ的电脑_2026-08-09_23_04_04" />
  </TestSettings>
  <Results>
    <UnitTestResult executionId="73244a3e-12b7-419a-a442-67104fd4baa0" testId="28c6dea2-624c-3acc-8e2d-93c86473bc1d" testName="CurrencyWarsAssistant.Tests.PrivilegeEquipmentOverlayRealFrameTests.OrdinaryEquipmentRealFrame_HasNoPrivilegeOverlay" computerName="ZZZ的电脑" duration="00:00:00.1010310" startTime="2026-08-09T23:04:04.7732724+08:00" endTime="2026-08-09T23:04:04.7732954+08:00" testType="13cdc9d9-ddb5-4fa4-a97d-d965ccfc6d4b" outcome="Passed" testListId="8c84fa94-04c1-424b-9868-57a2d4851a1d" relativeResultsDirectory="73244a3e-12b7-419a-a442-67104fd4baa0" />
    <UnitTestResult executionId="575844f1-d330-417f-aef6-746d6bfea4c1" testId="a980d6af-ff9d-3fa2-bfa6-38dfae7c5f5d" testName="CurrencyWarsAssistant.Tests.PrivilegeEquipmentOverlayRealFrameTests.PrivilegeCatalog_AllThirtySixVisibleAndLockedIconsHaveOverlay" computerName="ZZZ的电脑" duration="00:00:00.0921041" startTime="2026-08-09T23:04:04.8648206+08:00" endTime="2026-08-09T23:04:04.8648210+08:00" testType="13cdc9d9-ddb5-4fa4-a97d-d965ccfc6d4b" outcome="Passed" testListId="8c84fa94-04c1-424b-9868-57a2d4851a1d" relativeResultsDirectory="575844f1-d330-417f-aef6-746d6bfea4c1" />
  </Results>
  <TestDefinitions>
    <UnitTest name="CurrencyWarsAssistant.Tests.PrivilegeEquipmentOverlayRealFrameTests.PrivilegeCatalog_AllThirtySixVisibleAndLockedIconsHaveOverlay" storage="d:\codex-2\work\currencywarsassistant-0.2.839-confirmed-20260809\tests\currencywarsassistant.tests\bin\release\net8.0-windows10.0.19041.0\currencywarsassistant.tests.dll" id="a980d6af-ff9d-3fa2-bfa6-38dfae7c5f5d">
      <Execution id="575844f1-d330-417f-aef6-746d6bfea4c1" />
      <TestMethod codeBase="D:\Codex-2\work\CurrencyWarsAssistant-0.2.839-confirmed-20260809\tests\CurrencyWarsAssistant.Tests\bin\Release\net8.0-windows10.0.19041.0\CurrencyWarsAssistant.Tests.dll" adapterTypeName="executor://xunit/VsTestRunner2/netcoreapp" className="CurrencyWarsAssistant.Tests.PrivilegeEquipmentOverlayRealFrameTests" name="PrivilegeCatalog_AllThirtySixVisibleAndLockedIconsHaveOverlay" />
    </UnitTest>
    <UnitTest name="CurrencyWarsAssistant.Tests.PrivilegeEquipmentOverlayRealFrameTests.OrdinaryEquipmentRealFrame_HasNoPrivilegeOverlay" storage="d:\codex-2\work\currencywarsassistant-0.2.839-confirmed-20260809\tests\currencywarsassistant.tests\bin\release\net8.0-windows10.0.19041.0\currencywarsassistant.tests.dll" id="28c6dea2-624c-3acc-8e2d-93c86473bc1d">
      <Execution id="73244a3e-12b7-419a-a442-67104fd4baa0" />
      <TestMethod codeBase="D:\Codex-2\work\CurrencyWarsAssistant-0.2.839-confirmed-20260809\tests\CurrencyWarsAssistant.Tests\bin\Release\net8.0-windows10.0.19041.0\CurrencyWarsAssistant.Tests.dll" adapterTypeName="executor://xunit/VsTestRunner2/netcoreapp" className="CurrencyWarsAssistant.Tests.PrivilegeEquipmentOverlayRealFrameTests" name="OrdinaryEquipmentRealFrame_HasNoPrivilegeOverlay" />
    </UnitTest>
  </TestDefinitions>
  <TestEntries>
    <TestEntry testId="28c6dea2-624c-3acc-8e2d-93c86473bc1d" executionId="73244a3e-12b7-419a-a442-67104fd4baa0" testListId="8c84fa94-04c1-424b-9868-57a2d4851a1d" />
    <TestEntry testId="a980d6af-ff9d-3fa2-bfa6-38dfae7c5f5d" executionId="575844f1-d330-417f-aef6-746d6bfea4c1" testListId="8c84fa94-04c1-424b-9868-57a2d4851a1d" />
  </TestEntries>
  <TestLists>
    <TestList name="列表中未列出的结果" id="8c84fa94-04c1-424b-9868-57a2d4851a1d" />
    <TestList name="所有已加载的结果" id="19431567-8539-422a-85d7-44ee4e166bda" />
  </TestLists>
  <ResultSummary outcome="Completed">
    <Counters total="2" executed="2" passed="2" failed="0" error="0" timeout="0" aborted="0" inconclusive="0" passedButRunAborted="0" notRunnable="0" notExecuted="0" disconnected="0" warning="0" completed="0" inProgress="0" pending="0" />
    <Output>
      <StdOut>[xUnit.net 00:00:00.00] xUnit.net VSTest Adapter v2.8.2+699d445a1a (64-bit .NET 8.0.29)&#xD;
[xUnit.net 00:00:06.36]   Discovering: CurrencyWarsAssistant.Tests&#xD;
[xUnit.net 00:00:06.50]   Discovered:  CurrencyWarsAssistant.Tests&#xD;
[xUnit.net 00:00:06.50]   Starting:    CurrencyWarsAssistant.Tests&#xD;
[xUnit.net 00:00:06.73]   Finished:    CurrencyWarsAssistant.Tests&#xD;
</StdOut>
    </Output>
  </ResultSummary>
</TestRun>